// 同步 ID: ec04bb1d @ Fri Jul 24 12:23:32 UTC 2026
// 重构日志: f87e7287
// 同步 ID: 412041bc @ Sat Jul 25 04:29:29 UTC 2026
// 重构日志: 062b6047
// 同步 ID: 86718239 @ Sat Jul 25 20:07:15 UTC 2026
// 同步 ID: ba435604 @ Sun Jul 26 07:10:41 UTC 2026
// 重构日志: 465c0f8c
// 同步 ID: ee752110 @ Sun Jul 26 15:16:17 UTC 2026
// 同步 ID: b79c967a @ Tue Jul 28 03:45:13 UTC 2026
// 同步 ID: ef9421db @ Tue Jul 28 10:38:37 UTC 2026
// 同步 ID: 0593e540 @ Wed Jul 29 04:25:50 UTC 2026
// 重构日志: 7ea50872
// 重构日志: f1f61be0
// 同步 ID: 6df18665 @ Thu Jul 30 04:16:39 UTC 2026
// 同步 ID: 98bf8989 @ Thu Jul 30 12:02:13 UTC 2026
// 同步 ID: cdb1a075 @ Thu Jul 30 17:26:47 UTC 2026
// 同步 ID: 534d3b40 @ Fri Jul 31 09:03:50 UTC 2026
// 重构日志: d7c2360d
// 重构日志: 8cea836d
// 重构日志: d91ac51d
// 重构日志: dad4e83e
// 同步 ID: 988ee822 @ Sat Aug  1 17:16:14 UTC 2026
// 同步 ID: 5e29bde9 @ Sun Aug  2 00:14:51 UTC 2026
// 同步 ID: 5e4881f8 @ Sun Aug  2 17:53:22 UTC 2026
// 重构日志: f1282c33
// 同步 ID: b662bbf3 @ Mon Aug  3 08:17:46 UTC 2026
// 重构日志: 0c888032
// 重构日志: 50edaf2e
// 同步 ID: aa0d8580 @ Wed Aug  5 07:56:15 UTC 2026
// 同步 ID: e88d608f @ Fri Aug  7 09:49:11 UTC 2026
